// Jest Snapshot v1, https://goo.gl/fbAQLP

exports[`NewsItem component renders news item correctly 1`] = `
<div>
  <div
    class="MuiPaper-root MuiPaper-elevation MuiPaper-rounded MuiPaper-elevation1 css-1va6po4-MuiPaper-root"
  >
    <div
      class="MuiGrid-root MuiGrid-container BannerGrid css-1lym95h-MuiGrid-root"
    >
      <div
        class="MuiGrid-root MuiGrid-item MuiGrid-grid-xs-12 MuiGrid-grid-md-9 css-b1im03-MuiGrid-root"
      >
        <div
          class="MuiCardContent-root Content css-46bh2p-MuiCardContent-root"
        >
          <div>
            React markdown mock 
            {"components":{},"children":"## test news item"}
          </div>
          <div>
            React markdown mock 
            {"components":{},"children":"test summary"}
          </div>
        </div>
        <div
          class="MuiGrid-root css-r4vg1n-MuiGrid-root"
        >
          <button
            class="MuiButtonBase-root MuiButton-root MuiButton-outlined MuiButton-outlinedPrimary MuiButton-sizeMedium MuiButton-outlinedSizeMedium ViewButton css-1rwt2y5-MuiButtonBase-root-MuiButton-root"
            tabindex="0"
            type="button"
          >
            More details
            <span
              class="MuiTouchRipple-root css-8je8zh-MuiTouchRipple-root"
            />
          </button>
        </div>
      </div>
      <div
        class="MuiGrid-root MuiGrid-item MuiGrid-grid-xs-12 MuiGrid-grid-md-3 css-158gt5v-MuiGrid-root"
      >
        <div
          class="MuiCardMedia-root Media css-mme1y-MuiCardMedia-root"
          role="img"
          style="background-image: url(image-base64-abc-123);"
        />
      </div>
    </div>
  </div>
</div>
`;
