// Jest Snapshot v1, https://goo.gl/fbAQLP

exports[`NewsItem component renders news item correctly 1`] = `
<div>
  <div>
    <div
      style="display: flex;"
    >
      <div
        style="flex-grow: 1;"
      >
        <div>
          React markdown mock 
          {"components":{},"children":"## test news item"}
        </div>
      </div>
    </div>
    <div
      class="MuiGrid-root MuiGrid-container css-1968zhe-MuiGrid-root"
    >
      <div
        class="MuiGrid-root MuiGrid-item MuiGrid-grid-md-8 css-am41oj-MuiGrid-root"
      >
        <div>
          React markdown mock 
          {"components":{},"children":"test summary"}
        </div>
      </div>
      <div
        class="MuiGrid-root MuiGrid-item MuiGrid-grid-md-4 css-1ube6tp-MuiGrid-root"
        style="display: flex; justify-content: center; width: 100%; align-items: center;"
      >
        <picture>
          <img
            alt="placeholder"
            src="image-base64-abc-123"
            style="width: 100%; padding-left: 15px;"
          />
        </picture>
      </div>
    </div>
    <div
      style="display: flex; justify-content: flex-end;"
    >
      <button
        class="MuiButtonBase-root MuiButton-root MuiButton-outlined MuiButton-outlinedPrimary MuiButton-sizeMedium MuiButton-outlinedSizeMedium css-1rwt2y5-MuiButtonBase-root-MuiButton-root"
        tabindex="0"
        type="button"
      >
        More details...
        <span
          class="MuiTouchRipple-root css-8je8zh-MuiTouchRipple-root"
        />
      </button>
    </div>
  </div>
</div>
`;
