// Jest Snapshot v1, https://goo.gl/fbAQLP

exports[`NewsList component renders news items correctly 1`] = `
<div>
  <div>
    <div
      style="display: flex; align-items: center;"
    >
      <h4
        class="MuiTypography-root MuiTypography-h4 css-1c8tpg7-MuiTypography-root"
        style="flex-grow: 1;"
      >
        News
      </h4>
    </div>
    <div
      style="padding: 1px 4px 10px 4px;"
    >
      <div>
         News item mock 
        {"isEditor":false,"item":{"title":"news 1","id":"1"}}
      </div>
    </div>
    <div
      style="padding: 1px 4px 10px 4px;"
    >
      <div>
         News item mock 
        {"isEditor":false,"item":{"title":"news 2","id":"2"}}
      </div>
    </div>
  </div>
</div>
`;
